../Core/Src/main.c:100:6:RELAY_Init	8	static
../Core/Src/main.c:106:6:RELAY_Control	16	static
../Core/Src/main.c:112:6:Delay_us	16	static,ignoring_inline_asm
../Core/Src/main.c:129:6:DS18B20_WriteBit	16	static
../Core/Src/main.c:147:9:DS18B20_ReadBit	16	static
../Core/Src/main.c:163:6:DS18B20_WriteByte	24	static
../Core/Src/main.c:173:9:DS18B20_ReadByte	16	static
../Core/Src/main.c:189:9:DS18B20_Reset	32	static
../Core/Src/main.c:224:9:crc8	24	static
../Core/Src/main.c:245:9:DS18B20_Search	24	static
../Core/Src/main.c:377:6:DS18B20_ScanDevices	176	static
../Core/Src/main.c:417:6:DS18B20_Select	24	static
../Core/Src/main.c:427:6:DS18B20_SkipRom	8	static
../Core/Src/main.c:434:7:DS18B20_GetTemp	24	static
../Core/Src/main.c:490:9:DS18B20_StartConversionAll	8	static
../Core/Src/main.c:500:6:HAL_UART_RxCpltCallback	16	static
../Core/Src/main.c:530:6:Parse_UART3_Command	136	static
../Core/Src/main.c:612:6:Update_Relay_Timer	64	static
../Core/Src/main.c:637:5:main	368	static
../Core/Src/main.c:882:6:SystemClock_Config	72	static
../Core/Src/main.c:925:6:Error_Handler	4	static,ignoring_inline_asm
