../Core/Src/main.c:73:6:Delay_us	16	static,ignoring_inline_asm
../Core/Src/main.c:90:6:DS18B20_WriteBit	16	static
../Core/Src/main.c:108:9:DS18B20_ReadBit	16	static
../Core/Src/main.c:124:6:DS18B20_WriteByte	24	static
../Core/Src/main.c:134:9:DS18B20_ReadByte	16	static
../Core/Src/main.c:150:9:DS18B20_Reset	32	static
../Core/Src/main.c:185:9:crc8	24	static
../Core/Src/main.c:206:9:DS18B20_Search	24	static
../Core/Src/main.c:338:6:DS18B20_ScanDevices	176	static
../Core/Src/main.c:378:6:DS18B20_Select	24	static
../Core/Src/main.c:388:6:DS18B20_SkipRom	8	static
../Core/Src/main.c:395:7:DS18B20_GetTemp	24	static
../Core/Src/main.c:451:9:DS18B20_StartConversionAll	8	static
../Core/Src/main.c:466:5:main	192	static
../Core/Src/main.c:563:6:SystemClock_Config	72	static
../Core/Src/main.c:606:6:Error_Handler	4	static,ignoring_inline_asm
