../Core/Src/main.c:77:6:RELAY_Init	8	static
../Core/Src/main.c:83:6:RELAY_Control	16	static
../Core/Src/main.c:89:6:Delay_us	16	static,ignoring_inline_asm
../Core/Src/main.c:106:6:DS18B20_WriteBit	16	static
../Core/Src/main.c:124:9:DS18B20_ReadBit	16	static
../Core/Src/main.c:140:6:DS18B20_WriteByte	24	static
../Core/Src/main.c:150:9:DS18B20_ReadByte	16	static
../Core/Src/main.c:166:9:DS18B20_Reset	32	static
../Core/Src/main.c:201:9:crc8	24	static
../Core/Src/main.c:222:9:DS18B20_Search	24	static
../Core/Src/main.c:354:6:DS18B20_ScanDevices	176	static
../Core/Src/main.c:394:6:DS18B20_Select	24	static
../Core/Src/main.c:404:6:DS18B20_SkipRom	8	static
../Core/Src/main.c:411:7:DS18B20_GetTemp	24	static
../Core/Src/main.c:467:9:DS18B20_StartConversionAll	8	static
../Core/Src/main.c:482:5:main	400	static
../Core/Src/main.c:614:6:SystemClock_Config	72	static
../Core/Src/main.c:657:6:Error_Handler	4	static,ignoring_inline_asm
