../Core/Src/oled.c:25:13:OLED_Write_Byte	32	static
../Core/Src/oled.c:34:6:OLED_Refresh	152	static
../Core/Src/oled.c:53:6:OLED_DisplayOn	8	static
../Core/Src/oled.c:61:6:OLED_DisplayOff	8	static
../Core/Src/oled.c:69:6:OLED_Clear	16	static
../Core/Src/oled.c:83:6:OLED_DrawPoint	24	static
../Core/Src/oled.c:95:6:OLED_Fill	32	static
../Core/Src/oled.c:109:6:OLED_ShowChar	32	static
../Core/Src/oled.c:157:6:OLED_ShowString	16	static
../Core/Src/oled.c:173:17:oled_pow	24	static
../Core/Src/oled.c:182:6:OLED_ShowNum	24	static
../Core/Src/oled.c:203:6:OLED_ShowFloat	48	static
../Core/Src/oled.c:237:6:OLED_Init	48	static
../Core/Src/oled.c:302:6:OLED_DisplayTemperature	48	static
../Core/Src/oled.c:347:6:OLED_DisplaySensorInfo	40	static
